prediction method=deepsets rows=512/55,980
prediction method=deepsets rows=10,240/55,980
prediction method=deepsets rows=20,480/55,980
prediction method=deepsets rows=30,208/55,980
prediction method=deepsets rows=40,448/55,980
prediction method=deepsets rows=50,176/55,980
prediction method=deepsets rows=55,980/55,980
prediction method=deepsets rows=512/57,437
prediction method=deepsets rows=10,240/57,437
prediction method=deepsets rows=20,480/57,437
prediction method=deepsets rows=30,208/57,437
prediction method=deepsets rows=40,448/57,437
prediction method=deepsets rows=50,176/57,437
prediction method=deepsets rows=57,437/57,437
loading frozen ChemBERTa cache: /tmp/ultrams_public_probe/four_readouts_20260925/train/output/comparison/mol_emb_cache/msnlib_mass_chemberta_full.pt
fold=val groups=1/4,883 queries=5
fold=val groups=100/4,883 queries=1,017
fold=val groups=200/4,883 queries=2,306
fold=val groups=300/4,883 queries=3,416
fold=val groups=400/4,883 queries=4,630
fold=val groups=500/4,883 queries=5,909
fold=val groups=600/4,883 queries=7,217
fold=val groups=700/4,883 queries=8,406
fold=val groups=800/4,883 queries=9,399
fold=val groups=900/4,883 queries=10,627
fold=val groups=1,000/4,883 queries=11,869
fold=val groups=1,100/4,883 queries=12,928
fold=val groups=1,200/4,883 queries=14,007
fold=val groups=1,300/4,883 queries=15,169
fold=val groups=1,400/4,883 queries=16,273
fold=val groups=1,500/4,883 queries=17,382
fold=val groups=1,600/4,883 queries=18,354
fold=val groups=1,700/4,883 queries=19,778
fold=val groups=1,800/4,883 queries=20,854
fold=val groups=1,900/4,883 queries=22,016
fold=val groups=2,000/4,883 queries=23,141
fold=val groups=2,100/4,883 queries=24,290
fold=val groups=2,200/4,883 queries=25,413
fold=val groups=2,300/4,883 queries=26,561
fold=val groups=2,400/4,883 queries=27,729
fold=val groups=2,500/4,883 queries=28,731
fold=val groups=2,600/4,883 queries=29,983
fold=val groups=2,700/4,883 queries=31,374
fold=val groups=2,800/4,883 queries=32,561
fold=val groups=2,900/4,883 queries=33,708
fold=val groups=3,000/4,883 queries=34,670
fold=val groups=3,100/4,883 queries=35,627
fold=val groups=3,200/4,883 queries=36,782
fold=val groups=3,300/4,883 queries=37,902
fold=val groups=3,400/4,883 queries=38,978
fold=val groups=3,500/4,883 queries=40,081
fold=val groups=3,600/4,883 queries=41,017
fold=val groups=3,700/4,883 queries=42,073
fold=val groups=3,800/4,883 queries=43,212
fold=val groups=3,900/4,883 queries=44,346
fold=val groups=4,000/4,883 queries=45,551
fold=val groups=4,100/4,883 queries=46,755
fold=val groups=4,200/4,883 queries=48,327
fold=val groups=4,300/4,883 queries=49,700
fold=val groups=4,400/4,883 queries=51,021
fold=val groups=4,500/4,883 queries=52,036
fold=val groups=4,600/4,883 queries=52,944
fold=val groups=4,700/4,883 queries=53,932
fold=val groups=4,800/4,883 queries=55,109
fold=val groups=4,883/4,883 queries=55,980
fold=test groups=1/5,003 queries=8
fold=test groups=100/5,003 queries=1,277
fold=test groups=200/5,003 queries=2,461
fold=test groups=300/5,003 queries=3,699
fold=test groups=400/5,003 queries=4,823
fold=test groups=500/5,003 queries=6,129
fold=test groups=600/5,003 queries=7,295
fold=test groups=700/5,003 queries=8,538
fold=test groups=800/5,003 queries=9,707
fold=test groups=900/5,003 queries=10,889
fold=test groups=1,000/5,003 queries=12,218
fold=test groups=1,100/5,003 queries=13,355
fold=test groups=1,200/5,003 queries=14,458
fold=test groups=1,300/5,003 queries=15,688
fold=test groups=1,400/5,003 queries=16,741
fold=test groups=1,500/5,003 queries=17,809
fold=test groups=1,600/5,003 queries=18,894
fold=test groups=1,700/5,003 queries=19,987
fold=test groups=1,800/5,003 queries=21,239
fold=test groups=1,900/5,003 queries=22,250
fold=test groups=2,000/5,003 queries=23,376
fold=test groups=2,100/5,003 queries=24,566
fold=test groups=2,200/5,003 queries=25,674
fold=test groups=2,300/5,003 queries=26,687
fold=test groups=2,400/5,003 queries=27,774
fold=test groups=2,500/5,003 queries=28,859
fold=test groups=2,600/5,003 queries=30,160
fold=test groups=2,700/5,003 queries=31,567
fold=test groups=2,800/5,003 queries=32,721
fold=test groups=2,900/5,003 queries=33,804
fold=test groups=3,000/5,003 queries=34,876
fold=test groups=3,100/5,003 queries=35,935
fold=test groups=3,200/5,003 queries=37,034
fold=test groups=3,300/5,003 queries=38,062
fold=test groups=3,400/5,003 queries=39,122
fold=test groups=3,500/5,003 queries=40,230
fold=test groups=3,600/5,003 queries=41,368
fold=test groups=3,700/5,003 queries=42,406
fold=test groups=3,800/5,003 queries=43,480
fold=test groups=3,900/5,003 queries=44,595
fold=test groups=4,000/5,003 queries=45,901
fold=test groups=4,100/5,003 queries=47,162
fold=test groups=4,200/5,003 queries=48,390
fold=test groups=4,300/5,003 queries=49,636
fold=test groups=4,400/5,003 queries=50,955
fold=test groups=4,500/5,003 queries=52,219
fold=test groups=4,600/5,003 queries=53,271
fold=test groups=4,700/5,003 queries=54,267
fold=test groups=4,800/5,003 queries=55,268
fold=test groups=4,900/5,003 queries=56,444
fold=test groups=5,000/5,003 queries=57,416
fold=test groups=5,003/5,003 queries=57,437
{
  "status": "complete",
  "method": "deepsets",
  "display_name": "DeepSets",
  "seed": 0,
  "deepsets_variant": "reported",
  "score_semantics": "spectrum-encoder-to-ChemBERTa cosine",
  "checkpoint_sha256": "66da25e528aca0dfc9537a154640e0947d9c41a8945f7095f87308b4b936ee69",
  "candidate_manifest_sha256": "6579f2af88918caf301672f25a205072832347662aaa949fc19d377d5d2eb175",
  "chemberta_cache_sha256": "dc27ecb4e2bc652bd19052a0ea9b26b80be6ea0c95f1c2f127b5964408f1be40",
  "summaries": {
    "val": {
      "n_queries": 55980,
      "top1": 0.0826009289031797,
      "top5": 0.1473383351196856,
      "top10": 0.1919614147909968,
      "top20": 0.24987495534119328,
      "mrr": 0.12075205630065883,
      "median_rank": 153.0,
      "fold": "val",
      "method": "deepsets",
      "display_name": "DeepSets",
      "n_query_groups": 4883,
      "n_zero_spectrum_embeddings": 0,
      "n_rows_with_top_score_tie": 0,
      "candidate_count": {
        "mean": 3061.8657020364417,
        "median": 1710.0,
        "minimum": 2,
        "maximum": 36300
      },
      "frozen_order_regression": {
        "query_indices_sha256_i64le": "19ca2e174b1ed6b1566034562a89149e78f1554ab1d039e1306ddc0d3a0f9d73",
        "candidate_counts_sha256_i64le": "ecaf5a8e5d20c501f70aa6c8ea1b8e0cd6937483f83337d0692270848760be53"
      },
      "joint_runtime_seconds": 95.85473608970642,
      "artifacts": {
        "per_spectrum_msnlib_mass_deepsets_chemberta_val.jsonl": {
          "sha256": "b13bf391e4a9037698e5429ba224d1d067d74489e42a69cc9181dd02b50f5713"
        },
        "raw_scores_msnlib_mass_deepsets_chemberta_val.npz": {
          "sha256": "cbb94e44e63dcbb71d46dcb6cebde061d0422ac173e31ae7869adab85b84d575"
        }
      }
    },
    "test": {
      "n_queries": 57437,
      "top1": 0.07984400299458537,
      "top5": 0.14286957884290613,
      "top10": 0.18672632623570173,
      "top20": 0.24364085867994498,
      "mrr": 0.11743815653904469,
      "median_rank": 151.0,
      "fold": "test",
      "method": "deepsets",
      "display_name": "DeepSets",
      "n_query_groups": 5003,
      "n_zero_spectrum_embeddings": 0,
      "n_rows_with_top_score_tie": 0,
      "candidate_count": {
        "mean": 2803.9927398715113,
        "median": 1553.0,
        "minimum": 2,
        "maximum": 31524
      },
      "frozen_order_regression": {
        "query_indices_sha256_i64le": "4cec8e332cb5cf5ba24ce6994795182fd5cdaceaef1c65c3dc674234db0413df",
        "candidate_counts_sha256_i64le": "0590af48d96981c9c11df3f10cf3d20e09fd45d06952bb2270a45cbe67c0f05c",
        "reference_test_jsonl_sha256": "82483a32de8349149df99cb2ea708b15cd5ecea443ab6f5d967217972d8ad64a"
      },
      "joint_runtime_seconds": 97.26975297927856,
      "artifacts": {
        "per_spectrum_msnlib_mass_deepsets_chemberta_test.jsonl": {
          "sha256": "2f575df84ff8cc27de89d0bbce59d4aad1041aac13e4f9d0c0f0fe544a1f7223"
        },
        "raw_scores_msnlib_mass_deepsets_chemberta_test.npz": {
          "sha256": "4bf4b6\u0061e3f7c06c422c308afc32d2faf144233f2bd34a78f469505c37ec8523a"
        }
      }
    }
  }
}
